11:22:20 **** Incremental Build of configuration Debug for project solucionTarea4Especial ****
make clean all 
rm -rf ./Core/Startup/startup_stm32f411retx.d ./Core/Startup/startup_stm32f411retx.o
rm -rf ./App/Src/main.d ./App/Src/main.o ./App/Src/main.su
rm -rf default.size.stdout solucionTarea4Especial.elf solucionTarea4Especial.list solucionTarea4Especial.map
 
arm-none-eabi-gcc -mcpu=cortex-m4 -g3 -DDEBUG -c -x assembler-with-cpp -MMD -MP -MF"Core/Startup/startup_stm32f411retx.d" -MT"Core/Startup/startup_stm32f411retx.o" --specs=nano.specs -mfloat-abi=soft -mthumb -o "Core/Startup/startup_stm32f411retx.o" "../Core/Startup/startup_stm32f411retx.s"
arm-none-eabi-gcc "../App/Src/main.c" -mcpu=cortex-m4 -std=gnu11 -g3 -DDEBUG -DNUCLEO_F411RE -DSTM32 -DSTM32F4 -DSTM32F411RETx -DSTM32F411xE -c -I"/home/santiago/Documentos/GitHub/TallerV_01_2023/solucionTarea4Especial/App/Inc" -I"/home/santiago/Documentos/GitHub/TallerV_01_2023/PeripheralDrivers/Inc" -I"/home/santiago/Documentos/GitHub/TallerV_01_2023/solucionTarea4Especial/Core/Include" -I"/home/santiago/Documentos/GitHub/TallerV_01_2023/solucionTarea4Especial/Core/Device/ST/STM32F4xx/Include" -O0 -ffunction-sections -fdata-sections -Wall -fstack-usage -MMD -MP -MF"App/Src/main.d" -MT"App/Src/main.o" --specs=nano.specs -mfloat-abi=soft -mthumb -o "App/Src/main.o"
arm-none-eabi-gcc -o "solucionTarea4Especial.elf" @"objects.list"  -lPeripheralDrivers -mcpu=cortex-m4 -T"/home/santiago/Documentos/GitHub/TallerV_01_2023/solucionTarea4Especial/STM32F411RETX_FLASH.ld" --specs=nosys.specs -Wl,-Map="solucionTarea4Especial.map" -Wl,--gc-sections -static -L"/home/santiago/Documentos/GitHub/TallerV_01_2023/PeripheralDrivers/Debug" --specs=nano.specs -mfloat-abi=soft -mthumb -u _printf_float -u _scanf_float -Wl,--start-group -lc -lm -Wl,--end-group
Finished building target: solucionTarea4Especial.elf
 
arm-none-eabi-size   solucionTarea4Especial.elf 
   text	   data	    bss	    dec	    hex	filename
  28860	    544	   1840	  31244	   7a0c	solucionTarea4Especial.elf
Finished building: default.size.stdout
 
arm-none-eabi-objdump -h -S  solucionTarea4Especial.elf  > "solucionTarea4Especial.list"
Finished building: solucionTarea4Especial.list
 
11:22:24 **** Incremental Build of configuration Debug for project solucionTarea4Especial ****
make clean all 
rm -rf ./Core/Startup/startup_stm32f411retx.d ./Core/Startup/startup_stm32f411retx.o
rm -rf ./App/Src/main.d ./App/Src/main.o ./App/Src/main.su
rm -rf default.size.stdout solucionTarea4Especial.elf solucionTarea4Especial.list solucionTarea4Especial.map
 
arm-none-eabi-gcc -mcpu=cortex-m4 -g3 -DDEBUG -c -x assembler-with-cpp -MMD -MP -MF"Core/Startup/startup_stm32f411retx.d" -MT"Core/Startup/startup_stm32f411retx.o" --specs=nano.specs -mfloat-abi=soft -mthumb -o "Core/Startup/startup_stm32f411retx.o" "../Core/Startup/startup_stm32f411retx.s"
arm-none-eabi-gcc "../App/Src/main.c" -mcpu=cortex-m4 -std=gnu11 -g3 -DDEBUG -DNUCLEO_F411RE -DSTM32 -DSTM32F4 -DSTM32F411RETx -DSTM32F411xE -c -I"/home/santiago/Documentos/GitHub/TallerV_01_2023/solucionTarea4Especial/App/Inc" -I"/home/santiago/Documentos/GitHub/TallerV_01_2023/PeripheralDrivers/Inc" -I"/home/santiago/Documentos/GitHub/TallerV_01_2023/solucionTarea4Especial/Core/Include" -I"/home/santiago/Documentos/GitHub/TallerV_01_2023/solucionTarea4Especial/Core/Device/ST/STM32F4xx/Include" -O0 -ffunction-sections -fdata-sections -Wall -fstack-usage -MMD -MP -MF"App/Src/main.d" -MT"App/Src/main.o" --specs=nano.specs -mfloat-abi=soft -mthumb -o "App/Src/main.o"
arm-none-eabi-gcc -o "solucionTarea4Especial.elf" @"objects.list"  -lPeripheralDrivers -mcpu=cortex-m4 -T"/home/santiago/Documentos/GitHub/TallerV_01_2023/solucionTarea4Especial/STM32F411RETX_FLASH.ld" --specs=nosys.specs -Wl,-Map="solucionTarea4Especial.map" -Wl,--gc-sections -static -L"/home/santiago/Documentos/GitHub/TallerV_01_2023/PeripheralDrivers/Debug" --specs=nano.specs -mfloat-abi=soft -mthumb -u _printf_float -u _scanf_float -Wl,--start-group -lc -lm -Wl,--end-group
Finished building target: solucionTarea4Especial.elf
 
arm-none-eabi-size   solucionTarea4Especial.elf 
   text	   data	    bss	    dec	    hex	filename
  28860	    544	   1840	  31244	   7a0c	solucionTarea4Especial.elf
Finished building: default.size.stdout
 
arm-none-eabi-objdump -h -S  solucionTarea4Especial.elf  > "solucionTarea4Especial.list"
Finished building: solucionTarea4Especial.list
 
