14:56:42 **** Build of configuration Debug for project peripheralSystick ****
make clean all 
rm -rf ./Startup/startup_stm32f411retx.d ./Startup/startup_stm32f411retx.o
rm -rf ./Src/main.d ./Src/main.o ./Src/main.su ./Src/syscalls.d ./Src/syscalls.o ./Src/syscalls.su ./Src/sysmem.d ./Src/sysmem.o ./Src/sysmem.su
rm -rf ./Drivers/Src/BasicTimer.d ./Drivers/Src/BasicTimer.o ./Drivers/Src/BasicTimer.su ./Drivers/Src/ExtiDriver.d ./Drivers/Src/ExtiDriver.o ./Drivers/Src/ExtiDriver.su ./Drivers/Src/GPIOxDriver.d ./Drivers/Src/GPIOxDriver.o ./Drivers/Src/GPIOxDriver.su ./Drivers/Src/SysTickDriver.d ./Drivers/Src/SysTickDriver.o ./Drivers/Src/SysTickDriver.su
rm -rf default.size.stdout peripheralSystick.elf peripheralSystick.list peripheralSystick.map
 
arm-none-eabi-gcc -mcpu=cortex-m4 -g3 -DDEBUG -c -x assembler-with-cpp -MMD -MP -MF"Startup/startup_stm32f411retx.d" -MT"Startup/startup_stm32f411retx.o" --specs=nano.specs -mfloat-abi=soft -mthumb -o "Startup/startup_stm32f411retx.o" "../Startup/startup_stm32f411retx.s"
arm-none-eabi-gcc "../Src/main.c" -mcpu=cortex-m4 -std=gnu11 -g3 -DDEBUG -DNUCLEO_F411RE -DSTM32 -DSTM32F4 -DSTM32F411RETx -DSTM32F411xE -c -I../Inc -I"/home/santiago/Documentos/GitHub/TallerV_01_2023/mcu_headers/CMSIS/Include" -I"/home/santiago/Documentos/GitHub/TallerV_01_2023/mcu_headers/CMSIS/Device/ST/STM32F4xx/Include" -I"/home/santiago/Documentos/GitHub/TallerV_01_2023/peripheralSystick/Drivers/Inc" -O0 -ffunction-sections -fdata-sections -Wall -fstack-usage -MMD -MP -MF"Src/main.d" -MT"Src/main.o" --specs=nano.specs -mfloat-abi=soft -mthumb -o "Src/main.o"
arm-none-eabi-gcc "../Src/syscalls.c" -mcpu=cortex-m4 -std=gnu11 -g3 -DDEBUG -DNUCLEO_F411RE -DSTM32 -DSTM32F4 -DSTM32F411RETx -DSTM32F411xE -c -I../Inc -I"/home/santiago/Documentos/GitHub/TallerV_01_2023/mcu_headers/CMSIS/Include" -I"/home/santiago/Documentos/GitHub/TallerV_01_2023/mcu_headers/CMSIS/Device/ST/STM32F4xx/Include" -I"/home/santiago/Documentos/GitHub/TallerV_01_2023/peripheralSystick/Drivers/Inc" -O0 -ffunction-sections -fdata-sections -Wall -fstack-usage -MMD -MP -MF"Src/syscalls.d" -MT"Src/syscalls.o" --specs=nano.specs -mfloat-abi=soft -mthumb -o "Src/syscalls.o"
arm-none-eabi-gcc "../Src/sysmem.c" -mcpu=cortex-m4 -std=gnu11 -g3 -DDEBUG -DNUCLEO_F411RE -DSTM32 -DSTM32F4 -DSTM32F411RETx -DSTM32F411xE -c -I../Inc -I"/home/santiago/Documentos/GitHub/TallerV_01_2023/mcu_headers/CMSIS/Include" -I"/home/santiago/Documentos/GitHub/TallerV_01_2023/mcu_headers/CMSIS/Device/ST/STM32F4xx/Include" -I"/home/santiago/Documentos/GitHub/TallerV_01_2023/peripheralSystick/Drivers/Inc" -O0 -ffunction-sections -fdata-sections -Wall -fstack-usage -MMD -MP -MF"Src/sysmem.d" -MT"Src/sysmem.o" --specs=nano.specs -mfloat-abi=soft -mthumb -o "Src/sysmem.o"
arm-none-eabi-gcc "../Drivers/Src/BasicTimer.c" -mcpu=cortex-m4 -std=gnu11 -g3 -DDEBUG -DNUCLEO_F411RE -DSTM32 -DSTM32F4 -DSTM32F411RETx -DSTM32F411xE -c -I../Inc -I"/home/santiago/Documentos/GitHub/TallerV_01_2023/mcu_headers/CMSIS/Include" -I"/home/santiago/Documentos/GitHub/TallerV_01_2023/mcu_headers/CMSIS/Device/ST/STM32F4xx/Include" -I"/home/santiago/Documentos/GitHub/TallerV_01_2023/peripheralSystick/Drivers/Inc" -O0 -ffunction-sections -fdata-sections -Wall -fstack-usage -MMD -MP -MF"Drivers/Src/BasicTimer.d" -MT"Drivers/Src/BasicTimer.o" --specs=nano.specs -mfloat-abi=soft -mthumb -o "Drivers/Src/BasicTimer.o"
arm-none-eabi-gcc "../Drivers/Src/ExtiDriver.c" -mcpu=cortex-m4 -std=gnu11 -g3 -DDEBUG -DNUCLEO_F411RE -DSTM32 -DSTM32F4 -DSTM32F411RETx -DSTM32F411xE -c -I../Inc -I"/home/santiago/Documentos/GitHub/TallerV_01_2023/mcu_headers/CMSIS/Include" -I"/home/santiago/Documentos/GitHub/TallerV_01_2023/mcu_headers/CMSIS/Device/ST/STM32F4xx/Include" -I"/home/santiago/Documentos/GitHub/TallerV_01_2023/peripheralSystick/Drivers/Inc" -O0 -ffunction-sections -fdata-sections -Wall -fstack-usage -MMD -MP -MF"Drivers/Src/ExtiDriver.d" -MT"Drivers/Src/ExtiDriver.o" --specs=nano.specs -mfloat-abi=soft -mthumb -o "Drivers/Src/ExtiDriver.o"
arm-none-eabi-gcc "../Drivers/Src/GPIOxDriver.c" -mcpu=cortex-m4 -std=gnu11 -g3 -DDEBUG -DNUCLEO_F411RE -DSTM32 -DSTM32F4 -DSTM32F411RETx -DSTM32F411xE -c -I../Inc -I"/home/santiago/Documentos/GitHub/TallerV_01_2023/mcu_headers/CMSIS/Include" -I"/home/santiago/Documentos/GitHub/TallerV_01_2023/mcu_headers/CMSIS/Device/ST/STM32F4xx/Include" -I"/home/santiago/Documentos/GitHub/TallerV_01_2023/peripheralSystick/Drivers/Inc" -O0 -ffunction-sections -fdata-sections -Wall -fstack-usage -MMD -MP -MF"Drivers/Src/GPIOxDriver.d" -MT"Drivers/Src/GPIOxDriver.o" --specs=nano.specs -mfloat-abi=soft -mthumb -o "Drivers/Src/GPIOxDriver.o"
arm-none-eabi-gcc "../Drivers/Src/SysTickDriver.c" -mcpu=cortex-m4 -std=gnu11 -g3 -DDEBUG -DNUCLEO_F411RE -DSTM32 -DSTM32F4 -DSTM32F411RETx -DSTM32F411xE -c -I../Inc -I"/home/santiago/Documentos/GitHub/TallerV_01_2023/mcu_headers/CMSIS/Include" -I"/home/santiago/Documentos/GitHub/TallerV_01_2023/mcu_headers/CMSIS/Device/ST/STM32F4xx/Include" -I"/home/santiago/Documentos/GitHub/TallerV_01_2023/peripheralSystick/Drivers/Inc" -O0 -ffunction-sections -fdata-sections -Wall -fstack-usage -MMD -MP -MF"Drivers/Src/SysTickDriver.d" -MT"Drivers/Src/SysTickDriver.o" --specs=nano.specs -mfloat-abi=soft -mthumb -o "Drivers/Src/SysTickDriver.o"
arm-none-eabi-gcc -o "peripheralSystick.elf" @"objects.list"   -mcpu=cortex-m4 -T"/home/santiago/Documentos/GitHub/TallerV_01_2023/peripheralSystick/STM32F411RETX_FLASH.ld" --specs=nosys.specs -Wl,-Map="peripheralSystick.map" -Wl,--gc-sections -static --specs=nano.specs -mfloat-abi=soft -mthumb -u _printf_float -u _scanf_float -Wl,--start-group -lc -lm -Wl,--end-group
Finished building target: peripheralSystick.elf
 
arm-none-eabi-size   peripheralSystick.elf 
   text	   data	    bss	    dec	    hex	filename
  32040	    476	   1816	  34332	   861c	peripheralSystick.elf
Finished building: default.size.stdout
 
arm-none-eabi-objdump -h -S  peripheralSystick.elf  > "peripheralSystick.list"
Finished building: peripheralSystick.list
 

14:56:42 Build Finished. 0 errors, 0 warnings. (took 771ms)

