00:20:23 **** Incremental Build of configuration Debug for project proyectoFinalVariadorCampo ****
make clean all 
rm -rf ./Core/Startup/startup_stm32f411retx.d ./Core/Startup/startup_stm32f411retx.o
rm -rf ./App/Src/main.d ./App/Src/main.o ./App/Src/main.su
rm -rf default.size.stdout proyectoFinalVariadorCampo.elf proyectoFinalVariadorCampo.list proyectoFinalVariadorCampo.map
 
arm-none-eabi-gcc -mcpu=cortex-m4 -g3 -DDEBUG -c -x assembler-with-cpp -MMD -MP -MF"Core/Startup/startup_stm32f411retx.d" -MT"Core/Startup/startup_stm32f411retx.o" --specs=nano.specs -mfloat-abi=soft -mthumb -o "Core/Startup/startup_stm32f411retx.o" "../Core/Startup/startup_stm32f411retx.s"
arm-none-eabi-gcc "../App/Src/main.c" -mcpu=cortex-m4 -std=gnu11 -g3 -DDEBUG -DNUCLEO_F411RE -DSTM32 -DSTM32F4 -DSTM32F411RETx -DSTM32F411xE -c -I"/home/santiago/Documentos/GitHub/TallerV_01_2023/proyectoFinalVariadorCampo/App/Inc" -I"/home/santiago/Documentos/GitHub/TallerV_01_2023/PeripheralDrivers/Inc" -I"/home/santiago/Documentos/GitHub/TallerV_01_2023/proyectoFinalVariadorCampo/Core/Include" -I"/home/santiago/Documentos/GitHub/TallerV_01_2023/proyectoFinalVariadorCampo/Core/Device/ST/STM32F4xx/Include" -O0 -ffunction-sections -fdata-sections -Wall -fstack-usage -MMD -MP -MF"App/Src/main.d" -MT"App/Src/main.o" --specs=nano.specs -mfloat-abi=soft -mthumb -o "App/Src/main.o"
arm-none-eabi-gcc -o "proyectoFinalVariadorCampo.elf" @"objects.list"  -lPeripheralDrivers -mcpu=cortex-m4 -T"/home/santiago/Documentos/GitHub/TallerV_01_2023/proyectoFinalVariadorCampo/STM32F411RETX_FLASH.ld" --specs=nosys.specs -Wl,-Map="proyectoFinalVariadorCampo.map" -Wl,--gc-sections -static -L"/home/santiago/Documentos/GitHub/TallerV_01_2023/PeripheralDrivers/Debug" --specs=nano.specs -mfloat-abi=soft -mthumb -u _printf_float -u _scanf_float -Wl,--start-group -lc -lm -Wl,--end-group
Finished building target: proyectoFinalVariadorCampo.elf
 
arm-none-eabi-size   proyectoFinalVariadorCampo.elf 
   text	   data	    bss	    dec	    hex	filename
  38080	    544	   2368	  40992	   a020	proyectoFinalVariadorCampo.elf
Finished building: default.size.stdout
 
arm-none-eabi-objdump -h -S  proyectoFinalVariadorCampo.elf  > "proyectoFinalVariadorCampo.list"
Finished building: proyectoFinalVariadorCampo.list
 

00:20:23 Build Finished. 0 errors, 0 warnings. (took 414ms)

