10:21:31 **** Incremental Build of configuration Debug for project Taller_Semana_5 ****
make clean all 
rm -rf ./Startup/startup_stm32f411retx.d ./Startup/startup_stm32f411retx.o
rm -rf ./Src/main.d ./Src/main.o ./Src/main.su ./Src/syscalls.d ./Src/syscalls.o ./Src/syscalls.su ./Src/sysmem.d ./Src/sysmem.o ./Src/sysmem.su
rm -rf Taller_Semana_5.elf Taller_Semana_5.list Taller_Semana_5.map default.size.stdout
 
arm-none-eabi-gcc -mcpu=cortex-m4 -g3 -DDEBUG -c -x assembler-with-cpp -MMD -MP -MF"Startup/startup_stm32f411retx.d" -MT"Startup/startup_stm32f411retx.o" --specs=nano.specs -mfloat-abi=soft -mthumb -o "Startup/startup_stm32f411retx.o" "../Startup/startup_stm32f411retx.s"
arm-none-eabi-gcc "../Src/main.c" -mcpu=cortex-m4 -std=gnu11 -g3 -DDEBUG -DNUCLEO_F411RE -DSTM32 -DSTM32F4 -DSTM32F411RETx -c -I../Inc -O0 -ffunction-sections -fdata-sections -Wall -fstack-usage -MMD -MP -MF"Src/main.d" -MT"Src/main.o" --specs=nano.specs -mfloat-abi=soft -mthumb -o "Src/main.o"
arm-none-eabi-gcc "../Src/syscalls.c" -mcpu=cortex-m4 -std=gnu11 -g3 -DDEBUG -DNUCLEO_F411RE -DSTM32 -DSTM32F4 -DSTM32F411RETx -c -I../Inc -O0 -ffunction-sections -fdata-sections -Wall -fstack-usage -MMD -MP -MF"Src/syscalls.d" -MT"Src/syscalls.o" --specs=nano.specs -mfloat-abi=soft -mthumb -o "Src/syscalls.o"
arm-none-eabi-gcc "../Src/sysmem.c" -mcpu=cortex-m4 -std=gnu11 -g3 -DDEBUG -DNUCLEO_F411RE -DSTM32 -DSTM32F4 -DSTM32F411RETx -c -I../Inc -O0 -ffunction-sections -fdata-sections -Wall -fstack-usage -MMD -MP -MF"Src/sysmem.d" -MT"Src/sysmem.o" --specs=nano.specs -mfloat-abi=soft -mthumb -o "Src/sysmem.o"
arm-none-eabi-gcc -o "Taller_Semana_5.elf" @"objects.list"   -mcpu=cortex-m4 -T"/home/santiago/Documentos/GitHub/TallerV_01_2023/Taller_Semana_5/STM32F411RETX_FLASH.ld" --specs=nosys.specs -Wl,-Map="Taller_Semana_5.map" -Wl,--gc-sections -static --specs=nano.specs -mfloat-abi=soft -mthumb -u _printf_float -u _scanf_float -Wl,--start-group -lc -lm -Wl,--end-group
Finished building target: Taller_Semana_5.elf
 
arm-none-eabi-size   Taller_Semana_5.elf 
   text	   data	    bss	    dec	    hex	filename
  23768	    484	   1588	  25840	   64f0	Taller_Semana_5.elf
Finished building: default.size.stdout
 
arm-none-eabi-objdump -h -S  Taller_Semana_5.elf  > "Taller_Semana_5.list"
Finished building: Taller_Semana_5.list
 

10:21:31 Build Finished. 0 errors, 0 warnings. (took 316ms)

